Archive member included to satisfy reference by file (symbol)

/usr/lib/gcc/arm-none-eabi/10.3.1/../../../arm-none-eabi/lib/thumb/v7-m/nofp/libc.a(lib_a-atexit.o)
                              /usr/lib/gcc/arm-none-eabi/10.3.1/../../../arm-none-eabi/lib/thumb/v7-m/nofp/crt0.o (atexit)
/usr/lib/gcc/arm-none-eabi/10.3.1/../../../arm-none-eabi/lib/thumb/v7-m/nofp/libc.a(lib_a-exit.o)
                              /usr/lib/gcc/arm-none-eabi/10.3.1/../../../arm-none-eabi/lib/thumb/v7-m/nofp/crt0.o (exit)
/usr/lib/gcc/arm-none-eabi/10.3.1/../../../arm-none-eabi/lib/thumb/v7-m/nofp/libc.a(lib_a-fini.o)
                              /usr/lib/gcc/arm-none-eabi/10.3.1/../../../arm-none-eabi/lib/thumb/v7-m/nofp/crt0.o (__libc_fini_array)
/usr/lib/gcc/arm-none-eabi/10.3.1/../../../arm-none-eabi/lib/thumb/v7-m/nofp/libc.a(lib_a-impure.o)
                              /usr/lib/gcc/arm-none-eabi/10.3.1/../../../arm-none-eabi/lib/thumb/v7-m/nofp/libc.a(lib_a-exit.o) (_global_impure_ptr)
/usr/lib/gcc/arm-none-eabi/10.3.1/../../../arm-none-eabi/lib/thumb/v7-m/nofp/libc.a(lib_a-init.o)
                              /usr/lib/gcc/arm-none-eabi/10.3.1/../../../arm-none-eabi/lib/thumb/v7-m/nofp/crt0.o (__libc_init_array)
/usr/lib/gcc/arm-none-eabi/10.3.1/../../../arm-none-eabi/lib/thumb/v7-m/nofp/libc.a(lib_a-memset.o)
                              /usr/lib/gcc/arm-none-eabi/10.3.1/../../../arm-none-eabi/lib/thumb/v7-m/nofp/crt0.o (memset)
/usr/lib/gcc/arm-none-eabi/10.3.1/../../../arm-none-eabi/lib/thumb/v7-m/nofp/libc.a(lib_a-__atexit.o)
                              /usr/lib/gcc/arm-none-eabi/10.3.1/../../../arm-none-eabi/lib/thumb/v7-m/nofp/libc.a(lib_a-atexit.o) (__register_exitproc)
/usr/lib/gcc/arm-none-eabi/10.3.1/../../../arm-none-eabi/lib/thumb/v7-m/nofp/libc.a(lib_a-__call_atexit.o)
                              /usr/lib/gcc/arm-none-eabi/10.3.1/../../../arm-none-eabi/lib/thumb/v7-m/nofp/libc.a(lib_a-exit.o) (__call_exitprocs)
/usr/lib/gcc/arm-none-eabi/10.3.1/../../../arm-none-eabi/lib/thumb/v7-m/nofp/libnosys.a(_exit.o)
                              /usr/lib/gcc/arm-none-eabi/10.3.1/../../../arm-none-eabi/lib/thumb/v7-m/nofp/libc.a(lib_a-exit.o) (_exit)

Discarded input sections

 .text          0x0000000000000000        0x0 /usr/lib/gcc/arm-none-eabi/10.3.1/thumb/v7-m/nofp/crti.o
 .data          0x0000000000000000        0x0 /usr/lib/gcc/arm-none-eabi/10.3.1/thumb/v7-m/nofp/crti.o
 .bss           0x0000000000000000        0x0 /usr/lib/gcc/arm-none-eabi/10.3.1/thumb/v7-m/nofp/crti.o
 .data          0x0000000000000000        0x4 /usr/lib/gcc/arm-none-eabi/10.3.1/thumb/v7-m/nofp/crtbegin.o
 .rodata        0x0000000000000000       0x24 /usr/lib/gcc/arm-none-eabi/10.3.1/thumb/v7-m/nofp/crtbegin.o
 .text          0x0000000000000000       0x70 /usr/lib/gcc/arm-none-eabi/10.3.1/../../../arm-none-eabi/lib/thumb/v7-m/nofp/crt0.o
 .data          0x0000000000000000        0x0 /usr/lib/gcc/arm-none-eabi/10.3.1/../../../arm-none-eabi/lib/thumb/v7-m/nofp/crt0.o
 .bss           0x0000000000000000        0x0 /usr/lib/gcc/arm-none-eabi/10.3.1/../../../arm-none-eabi/lib/thumb/v7-m/nofp/crt0.o
 .ARM.extab     0x0000000000000000        0x0 /usr/lib/gcc/arm-none-eabi/10.3.1/../../../arm-none-eabi/lib/thumb/v7-m/nofp/crt0.o
 .ARM.exidx     0x0000000000000000       0x10 /usr/lib/gcc/arm-none-eabi/10.3.1/../../../arm-none-eabi/lib/thumb/v7-m/nofp/crt0.o
 .debug_line    0x0000000000000000       0x87 /usr/lib/gcc/arm-none-eabi/10.3.1/../../../arm-none-eabi/lib/thumb/v7-m/nofp/crt0.o
 .debug_info    0x0000000000000000       0x26 /usr/lib/gcc/arm-none-eabi/10.3.1/../../../arm-none-eabi/lib/thumb/v7-m/nofp/crt0.o
 .debug_abbrev  0x0000000000000000       0x14 /usr/lib/gcc/arm-none-eabi/10.3.1/../../../arm-none-eabi/lib/thumb/v7-m/nofp/crt0.o
 .debug_aranges
                0x0000000000000000       0x20 /usr/lib/gcc/arm-none-eabi/10.3.1/../../../arm-none-eabi/lib/thumb/v7-m/nofp/crt0.o
 .debug_str     0x0000000000000000       0x94 /usr/lib/gcc/arm-none-eabi/10.3.1/../../../arm-none-eabi/lib/thumb/v7-m/nofp/crt0.o
 .ARM.attributes
                0x0000000000000000       0x1b /usr/lib/gcc/arm-none-eabi/10.3.1/../../../arm-none-eabi/lib/thumb/v7-m/nofp/crt0.o
 .text          0x0000000000000000        0x0 ./out/Main.o
 .data          0x0000000000000000        0x0 ./out/Main.o
 .bss           0x0000000000000000        0x0 ./out/Main.o
 .text.SystemClock_Config
                0x0000000000000000       0x5a ./out/Main.o
 .rodata.main.str1.1
                0x0000000000000000        0x7 ./out/Main.o
 .text.startup.main
                0x0000000000000000       0x20 ./out/Main.o
 .text.Error_Handler
                0x0000000000000000        0x4 ./out/Main.o
 .debug_info    0x0000000000000000      0x387 ./out/Main.o
 .debug_abbrev  0x0000000000000000      0x1a8 ./out/Main.o
 .debug_aranges
                0x0000000000000000       0x30 ./out/Main.o
 .debug_ranges  0x0000000000000000       0x50 ./out/Main.o
[...]
Memory Configuration

Name             Origin             Length             Attributes
RAM              0x0000000020000000 0x0000000000005000 xrw
FLASH            0x0000000008000000 0x0000000000020000 xr
*default*        0x0000000000000000 0xffffffffffffffff

Linker script and memory map

LOAD /usr/lib/gcc/arm-none-eabi/10.3.1/thumb/v7-m/nofp/crti.o
LOAD /usr/lib/gcc/arm-none-eabi/10.3.1/thumb/v7-m/nofp/crtbegin.o
LOAD /usr/lib/gcc/arm-none-eabi/10.3.1/../../../arm-none-eabi/lib/thumb/v7-m/nofp/crt0.o
LOAD ./out/Main.o
LOAD ./out/Gpio.o
LOAD ./out/Interrupt.o
LOAD ./out/Timer.o
LOAD ./out/Uart.o
LOAD ./out/stm32f1xx_hal.o
LOAD ./out/stm32f1xx_hal_cortex.o
LOAD ./out/stm32f1xx_hal_dma.o
LOAD ./out/stm32f1xx_hal_exti.o
LOAD ./out/stm32f1xx_hal_flash.o
LOAD ./out/stm32f1xx_hal_flash_ex.o
LOAD ./out/stm32f1xx_hal_gpio.o
LOAD ./out/stm32f1xx_hal_gpio_ex.o
LOAD ./out/stm32f1xx_hal_msp.o
LOAD ./out/stm32f1xx_hal_pwr.o
LOAD ./out/stm32f1xx_hal_rcc.o
LOAD ./out/stm32f1xx_hal_rcc_ex.o
LOAD ./out/stm32f1xx_hal_tim.o
LOAD ./out/stm32f1xx_hal_tim_ex.o
LOAD ./out/stm32f1xx_hal_uart.o
LOAD ./out/stm32f1xx_it.o
LOAD ./out/system_stm32f1xx.o
LOAD ./out/stdio.o
LOAD ./out/stdlib.o
LOAD ./out/string.o
LOAD ./out/armcpu.o
LOAD ./out/switch.o
LOAD ./out/Kernel.o
LOAD ./out/event.o
LOAD ./out/msg.o
LOAD ./out/synch.o
LOAD ./out/task.o
LOAD /usr/lib/gcc/arm-none-eabi/10.3.1/../../../arm-none-eabi/lib/thumb/v7-m/nofp/libc.a
LOAD /usr/lib/gcc/arm-none-eabi/10.3.1/../../../arm-none-eabi/lib/thumb/v7-m/nofp/libm.a
LOAD /usr/lib/gcc/arm-none-eabi/10.3.1/../../../arm-none-eabi/lib/thumb/v7-m/nofp/libnosys.a
START GROUP
LOAD /usr/lib/gcc/arm-none-eabi/10.3.1/thumb/v7-m/nofp/libgcc.a
LOAD /usr/lib/gcc/arm-none-eabi/10.3.1/../../../arm-none-eabi/lib/thumb/v7-m/nofp/libc.a
END GROUP
LOAD /usr/lib/gcc/arm-none-eabi/10.3.1/thumb/v7-m/nofp/crtend.o
LOAD /usr/lib/gcc/arm-none-eabi/10.3.1/thumb/v7-m/nofp/crtn.o
                0x0000000020005000                _estack = (ORIGIN (RAM) + LENGTH (RAM))
                0x0000000000000200                _Min_Heap_Size = 0x200
                0x0000000000000400                _Min_Stack_Size = 0x400

.isr_vector     0x0000000008000000        0x0
                0x0000000008000000                . = ALIGN (0x4)
 *(.isr_vector)
                0x0000000008000000                . = ALIGN (0x4)

.text           0x0000000008000000      0x150
                0x0000000008000000                . = ALIGN (0x4)
 *(.text)
 .text          0x0000000008000000       0x88 /usr/lib/gcc/arm-none-eabi/10.3.1/thumb/v7-m/nofp/crtbegin.o
 .text          0x0000000008000088        0xc /usr/lib/gcc/arm-none-eabi/10.3.1/../../../arm-none-eabi/lib/thumb/v7-m/nofp/libc.a(lib_a-atexit.o)
                0x0000000008000088                atexit
 .text          0x0000000008000094       0x2c /usr/lib/gcc/arm-none-eabi/10.3.1/../../../arm-none-eabi/lib/thumb/v7-m/nofp/libc.a(lib_a-fini.o)
                0x0000000008000094                __libc_fini_array
 .text          0x00000000080000c0       0x64 /usr/lib/gcc/arm-none-eabi/10.3.1/../../../arm-none-eabi/lib/thumb/v7-m/nofp/libc.a(lib_a-__atexit.o)
                0x00000000080000c0                __register_exitproc
 *(.text*)
 .text.startup  0x0000000008000124       0x14 /usr/lib/gcc/arm-none-eabi/10.3.1/../../../arm-none-eabi/lib/thumb/v7-m/nofp/libc.a(lib_a-__call_atexit.o)
 *(.glue_7)
 .glue_7        0x0000000008000138        0x0 linker stubs
 *(.glue_7t)
 .glue_7t       0x0000000008000138        0x0 linker stubs
 *(.eh_frame)
 .eh_frame      0x0000000008000138        0x0 /usr/lib/gcc/arm-none-eabi/10.3.1/thumb/v7-m/nofp/crtbegin.o
 *(.init)
 .init          0x0000000008000138        0x4 /usr/lib/gcc/arm-none-eabi/10.3.1/thumb/v7-m/nofp/crti.o
                0x0000000008000138                _init
 .init          0x000000000800013c        0x8 /usr/lib/gcc/arm-none-eabi/10.3.1/thumb/v7-m/nofp/crtn.o
 *(.fini)
 .fini          0x0000000008000144        0x4 /usr/lib/gcc/arm-none-eabi/10.3.1/thumb/v7-m/nofp/crti.o
                0x0000000008000144                _fini
 .fini          0x0000000008000148        0x8 /usr/lib/gcc/arm-none-eabi/10.3.1/thumb/v7-m/nofp/crtn.o
                0x0000000008000150                . = ALIGN (0x4)
                0x0000000008000150                _etext = .

.vfp11_veneer   0x0000000008000150        0x0
 .vfp11_veneer  0x0000000008000150        0x0 linker stubs

.v4_bx          0x0000000008000150        0x0
 .v4_bx         0x0000000008000150        0x0 linker stubs

.iplt           0x0000000008000150        0x0
 .iplt          0x0000000008000150        0x0 /usr/lib/gcc/arm-none-eabi/10.3.1/thumb/v7-m/nofp/crtbegin.o

.rodata         0x0000000008000150        0x4
                0x0000000008000150                . = ALIGN (0x4)
 *(.rodata)
 .rodata        0x0000000008000150        0x4 /usr/lib/gcc/arm-none-eabi/10.3.1/../../../arm-none-eabi/lib/thumb/v7-m/nofp/libc.a(lib_a-impure.o)
                0x0000000008000150                _global_impure_ptr
 *(.rodata*)
                0x0000000008000154                . = ALIGN (0x4)

.rel.dyn        0x0000000008000154        0x0
 .rel.iplt      0x0000000008000154        0x0 /usr/lib/gcc/arm-none-eabi/10.3.1/thumb/v7-m/nofp/crtbegin.o

.ARM.extab      0x0000000008000154        0x0
                0x0000000008000154                . = ALIGN (0x4)
 *(.ARM.extab* .gnu.linkonce.armextab.*)
                0x0000000008000154                . = ALIGN (0x4)

.ARM            0x0000000008000154        0x0
                0x0000000008000154                . = ALIGN (0x4)
                0x0000000008000154                __exidx_start = .
 *(.ARM.exidx*)
                0x0000000008000154                __exidx_end = .
                0x0000000008000154                . = ALIGN (0x4)

.preinit_array  0x0000000008000154        0x0
                0x0000000008000154                . = ALIGN (0x4)
                0x0000000008000154                PROVIDE (__preinit_array_start = .)
 *(.preinit_array*)
                0x0000000008000154                PROVIDE (__preinit_array_end = .)
                0x0000000008000154                . = ALIGN (0x4)

.init_array     0x0000000008000154        0x8
                0x0000000008000154                . = ALIGN (0x4)
                0x0000000008000154                PROVIDE (__init_array_start = .)
 *(SORT_BY_NAME(.init_array.*))
 .init_array.00000
                0x0000000008000154        0x4 /usr/lib/gcc/arm-none-eabi/10.3.1/../../../arm-none-eabi/lib/thumb/v7-m/nofp/libc.a(lib_a-__call_atexit.o)
 *(.init_array*)
 .init_array    0x0000000008000158        0x4 /usr/lib/gcc/arm-none-eabi/10.3.1/thumb/v7-m/nofp/crtbegin.o
                0x000000000800015c                PROVIDE (__init_array_end = .)
                0x000000000800015c                . = ALIGN (0x4)

.fini_array     0x000000000800015c        0x4
                0x000000000800015c                . = ALIGN (0x4)
                0x000000000800015c                PROVIDE (__fini_array_start = .)
 *(SORT_BY_NAME(.fini_array.*))
 *(.fini_array*)
 .fini_array    0x000000000800015c        0x4 /usr/lib/gcc/arm-none-eabi/10.3.1/thumb/v7-m/nofp/crtbegin.o
                0x0000000008000160                PROVIDE (__fini_array_end = .)
                0x0000000008000160                . = ALIGN (0x4)
                0x0000000008000160                _sidata = LOADADDR (.data)

.data           0x0000000020000000      0x430 load address 0x0000000008000160
                0x0000000020000000                . = ALIGN (0x4)
                0x0000000020000000                _sdata = .
 *(.data)
 .data          0x0000000020000000      0x430 /usr/lib/gcc/arm-none-eabi/10.3.1/../../../arm-none-eabi/lib/thumb/v7-m/nofp/libc.a(lib_a-impure.o)
                0x0000000020000000                _impure_ptr
 *(.data*)
 *(.RamFunc)
 *(.RamFunc*)
                0x0000000020000430                . = ALIGN (0x4)
                0x0000000020000430                _edata = .

.tm_clone_table
                0x0000000020000430        0x0 load address 0x0000000008000590
 .tm_clone_table
                0x0000000020000430        0x0 /usr/lib/gcc/arm-none-eabi/10.3.1/thumb/v7-m/nofp/crtbegin.o
 .tm_clone_table
                0x0000000020000430        0x0 /usr/lib/gcc/arm-none-eabi/10.3.1/thumb/v7-m/nofp/crtend.o

.igot.plt       0x0000000020000430        0x0 load address 0x0000000008000590
 .igot.plt      0x0000000020000430        0x0 /usr/lib/gcc/arm-none-eabi/10.3.1/thumb/v7-m/nofp/crtbegin.o
                0x0000000020000430                . = ALIGN (0x4)

.bss            0x0000000020000430       0x1c load address 0x0000000008000590
                0x0000000020000430                _sbss = .
                0x0000000020000430                __bss_start__ = _sbss
 *(.bss)
 .bss           0x0000000020000430       0x1c /usr/lib/gcc/arm-none-eabi/10.3.1/thumb/v7-m/nofp/crtbegin.o
 *(.bss*)
 *(COMMON)
                0x000000002000044c                . = ALIGN (0x4)
                0x000000002000044c                _ebss = .
                0x000000002000044c                __bss_end__ = _ebss

._user_heap_stack
                0x000000002000044c      0x604 load address 0x0000000008000590
                0x0000000020000450                . = ALIGN (0x8)
 *fill*         0x000000002000044c        0x4 
                [!provide]                        PROVIDE (end = .)
                [!provide]                        PROVIDE (_end = .)
                0x0000000020000650                . = (. + _Min_Heap_Size)
 *fill*         0x0000000020000450      0x200 
                0x0000000020000a50                . = (. + _Min_Stack_Size)
 *fill*         0x0000000020000650      0x400 
                0x0000000020000a50                . = ALIGN (0x8)

/DISCARD/
 libc.a(*)
 libm.a(*)
 libgcc.a(*)

.ARM.attributes
                0x0000000000000000       0x29
 *(.ARM.attributes)
 .ARM.attributes
                0x0000000000000000       0x1d /usr/lib/gcc/arm-none-eabi/10.3.1/thumb/v7-m/nofp/crti.o
 .ARM.attributes
                0x000000000000001d       0x2d /usr/lib/gcc/arm-none-eabi/10.3.1/thumb/v7-m/nofp/crtbegin.o
 .ARM.attributes
                0x000000000000004a       0x2d /usr/lib/gcc/arm-none-eabi/10.3.1/../../../arm-none-eabi/lib/thumb/v7-m/nofp/libc.a(lib_a-atexit.o)
 .ARM.attributes
                0x0000000000000077       0x2d /usr/lib/gcc/arm-none-eabi/10.3.1/../../../arm-none-eabi/lib/thumb/v7-m/nofp/libc.a(lib_a-fini.o)
 .ARM.attributes
                0x00000000000000a4       0x2d /usr/lib/gcc/arm-none-eabi/10.3.1/../../../arm-none-eabi/lib/thumb/v7-m/nofp/libc.a(lib_a-impure.o)
 .ARM.attributes
                0x00000000000000d1       0x2d /usr/lib/gcc/arm-none-eabi/10.3.1/../../../arm-none-eabi/lib/thumb/v7-m/nofp/libc.a(lib_a-__atexit.o)
 .ARM.attributes
                0x00000000000000fe       0x2d /usr/lib/gcc/arm-none-eabi/10.3.1/../../../arm-none-eabi/lib/thumb/v7-m/nofp/libc.a(lib_a-__call_atexit.o)
 .ARM.attributes
                0x000000000000012b       0x2d /usr/lib/gcc/arm-none-eabi/10.3.1/thumb/v7-m/nofp/crtend.o
 .ARM.attributes
                0x0000000000000158       0x1d /usr/lib/gcc/arm-none-eabi/10.3.1/thumb/v7-m/nofp/crtn.o
OUTPUT(./out/iiijin_rtos.axf elf32-littlearm)
LOAD linker stubs
LOAD /usr/lib/gcc/arm-none-eabi/10.3.1/../../../arm-none-eabi/lib/thumb/v7-m/nofp/libc.a
LOAD /usr/lib/gcc/arm-none-eabi/10.3.1/../../../arm-none-eabi/lib/thumb/v7-m/nofp/libm.a
LOAD /usr/lib/gcc/arm-none-eabi/10.3.1/thumb/v7-m/nofp/libgcc.a

.comment        0x0000000000000000       0x33
 .comment       0x0000000000000000       0x33 /usr/lib/gcc/arm-none-eabi/10.3.1/thumb/v7-m/nofp/crtbegin.o
                                         0x34 (size before relaxing)
 .comment       0x0000000000000033       0x34 /usr/lib/gcc/arm-none-eabi/10.3.1/../../../arm-none-eabi/lib/thumb/v7-m/nofp/libc.a(lib_a-atexit.o)
 .comment       0x0000000000000033       0x34 /usr/lib/gcc/arm-none-eabi/10.3.1/../../../arm-none-eabi/lib/thumb/v7-m/nofp/libc.a(lib_a-fini.o)
 .comment       0x0000000000000033       0x34 /usr/lib/gcc/arm-none-eabi/10.3.1/../../../arm-none-eabi/lib/thumb/v7-m/nofp/libc.a(lib_a-impure.o)
 .comment       0x0000000000000033       0x34 /usr/lib/gcc/arm-none-eabi/10.3.1/../../../arm-none-eabi/lib/thumb/v7-m/nofp/libc.a(lib_a-__atexit.o)
 .comment       0x0000000000000033       0x34 /usr/lib/gcc/arm-none-eabi/10.3.1/../../../arm-none-eabi/lib/thumb/v7-m/nofp/libc.a(lib_a-__call_atexit.o)
 .comment       0x0000000000000033       0x34 /usr/lib/gcc/arm-none-eabi/10.3.1/thumb/v7-m/nofp/crtend.o

.debug_info     0x0000000000000000     0x1f19
 .debug_info    0x0000000000000000      0x100 /usr/lib/gcc/arm-none-eabi/10.3.1/../../../arm-none-eabi/lib/thumb/v7-m/nofp/libc.a(lib_a-atexit.o)
 .debug_info    0x0000000000000100      0x102 /usr/lib/gcc/arm-none-eabi/10.3.1/../../../arm-none-eabi/lib/thumb/v7-m/nofp/libc.a(lib_a-fini.o)
 .debug_info    0x0000000000000202      0x92a /usr/lib/gcc/arm-none-eabi/10.3.1/../../../arm-none-eabi/lib/thumb/v7-m/nofp/libc.a(lib_a-impure.o)
 .debug_info    0x0000000000000b2c      0x9b0 /usr/lib/gcc/arm-none-eabi/10.3.1/../../../arm-none-eabi/lib/thumb/v7-m/nofp/libc.a(lib_a-__atexit.o)
 .debug_info    0x00000000000014dc      0xa3d /usr/lib/gcc/arm-none-eabi/10.3.1/../../../arm-none-eabi/lib/thumb/v7-m/nofp/libc.a(lib_a-__call_atexit.o)

.debug_abbrev   0x0000000000000000      0x82f
 .debug_abbrev  0x0000000000000000       0xb7 /usr/lib/gcc/arm-none-eabi/10.3.1/../../../arm-none-eabi/lib/thumb/v7-m/nofp/libc.a(lib_a-atexit.o)
 .debug_abbrev  0x00000000000000b7       0xcf /usr/lib/gcc/arm-none-eabi/10.3.1/../../../arm-none-eabi/lib/thumb/v7-m/nofp/libc.a(lib_a-fini.o)
 .debug_abbrev  0x0000000000000186      0x1b8 /usr/lib/gcc/arm-none-eabi/10.3.1/../../../arm-none-eabi/lib/thumb/v7-m/nofp/libc.a(lib_a-impure.o)
 .debug_abbrev  0x000000000000033e      0x23f /usr/lib/gcc/arm-none-eabi/10.3.1/../../../arm-none-eabi/lib/thumb/v7-m/nofp/libc.a(lib_a-__atexit.o)
 .debug_abbrev  0x000000000000057d      0x2b2 /usr/lib/gcc/arm-none-eabi/10.3.1/../../../arm-none-eabi/lib/thumb/v7-m/nofp/libc.a(lib_a-__call_atexit.o)

.debug_loc      0x0000000000000000      0x383
 .debug_loc     0x0000000000000000       0x32 /usr/lib/gcc/arm-none-eabi/10.3.1/../../../arm-none-eabi/lib/thumb/v7-m/nofp/libc.a(lib_a-atexit.o)
 .debug_loc     0x0000000000000032       0x68 /usr/lib/gcc/arm-none-eabi/10.3.1/../../../arm-none-eabi/lib/thumb/v7-m/nofp/libc.a(lib_a-fini.o)
 .debug_loc     0x000000000000009a      0x13b /usr/lib/gcc/arm-none-eabi/10.3.1/../../../arm-none-eabi/lib/thumb/v7-m/nofp/libc.a(lib_a-__atexit.o)
 .debug_loc     0x00000000000001d5      0x1ae /usr/lib/gcc/arm-none-eabi/10.3.1/../../../arm-none-eabi/lib/thumb/v7-m/nofp/libc.a(lib_a-__call_atexit.o)

.debug_aranges  0x0000000000000000       0xa0
 .debug_aranges
                0x0000000000000000       0x20 /usr/lib/gcc/arm-none-eabi/10.3.1/../../../arm-none-eabi/lib/thumb/v7-m/nofp/libc.a(lib_a-atexit.o)
 .debug_aranges
                0x0000000000000020       0x20 /usr/lib/gcc/arm-none-eabi/10.3.1/../../../arm-none-eabi/lib/thumb/v7-m/nofp/libc.a(lib_a-fini.o)
 .debug_aranges
                0x0000000000000040       0x18 /usr/lib/gcc/arm-none-eabi/10.3.1/../../../arm-none-eabi/lib/thumb/v7-m/nofp/libc.a(lib_a-impure.o)
 .debug_aranges
                0x0000000000000058       0x20 /usr/lib/gcc/arm-none-eabi/10.3.1/../../../arm-none-eabi/lib/thumb/v7-m/nofp/libc.a(lib_a-__atexit.o)
 .debug_aranges
                0x0000000000000078       0x28 /usr/lib/gcc/arm-none-eabi/10.3.1/../../../arm-none-eabi/lib/thumb/v7-m/nofp/libc.a(lib_a-__call_atexit.o)

.debug_line     0x0000000000000000      0x6d3
 .debug_line    0x0000000000000000       0xc0 /usr/lib/gcc/arm-none-eabi/10.3.1/../../../arm-none-eabi/lib/thumb/v7-m/nofp/libc.a(lib_a-atexit.o)
 .debug_line    0x00000000000000c0       0xed /usr/lib/gcc/arm-none-eabi/10.3.1/../../../arm-none-eabi/lib/thumb/v7-m/nofp/libc.a(lib_a-fini.o)
 .debug_line    0x00000000000001ad       0xe4 /usr/lib/gcc/arm-none-eabi/10.3.1/../../../arm-none-eabi/lib/thumb/v7-m/nofp/libc.a(lib_a-impure.o)
 .debug_line    0x0000000000000291      0x1ab /usr/lib/gcc/arm-none-eabi/10.3.1/../../../arm-none-eabi/lib/thumb/v7-m/nofp/libc.a(lib_a-__atexit.o)
 .debug_line    0x000000000000043c      0x297 /usr/lib/gcc/arm-none-eabi/10.3.1/../../../arm-none-eabi/lib/thumb/v7-m/nofp/libc.a(lib_a-__call_atexit.o)

.debug_str      0x0000000000000000      0x77c
 .debug_str     0x0000000000000000      0x19c /usr/lib/gcc/arm-none-eabi/10.3.1/../../../arm-none-eabi/lib/thumb/v7-m/nofp/libc.a(lib_a-atexit.o)
                                        0x1dc (size before relaxing)
 .debug_str     0x000000000000019c       0xc4 /usr/lib/gcc/arm-none-eabi/10.3.1/../../../arm-none-eabi/lib/thumb/v7-m/nofp/libc.a(lib_a-fini.o)
                                        0x1d4 (size before relaxing)
 .debug_str     0x0000000000000260      0x44f /usr/lib/gcc/arm-none-eabi/10.3.1/../../../arm-none-eabi/lib/thumb/v7-m/nofp/libc.a(lib_a-impure.o)
                                        0x57a (size before relaxing)
 .debug_str     0x00000000000006af       0x3b /usr/lib/gcc/arm-none-eabi/10.3.1/../../../arm-none-eabi/lib/thumb/v7-m/nofp/libc.a(lib_a-__atexit.o)
                                        0x5b4 (size before relaxing)
 .debug_str     0x00000000000006ea       0x92 /usr/lib/gcc/arm-none-eabi/10.3.1/../../../arm-none-eabi/lib/thumb/v7-m/nofp/libc.a(lib_a-__call_atexit.o)
                                        0x5e0 (size before relaxing)

.debug_frame    0x0000000000000000       0xd0
 .debug_frame   0x0000000000000000       0x20 /usr/lib/gcc/arm-none-eabi/10.3.1/../../../arm-none-eabi/lib/thumb/v7-m/nofp/libc.a(lib_a-atexit.o)
 .debug_frame   0x0000000000000020       0x34 /usr/lib/gcc/arm-none-eabi/10.3.1/../../../arm-none-eabi/lib/thumb/v7-m/nofp/libc.a(lib_a-fini.o)
 .debug_frame   0x0000000000000054       0x2c /usr/lib/gcc/arm-none-eabi/10.3.1/../../../arm-none-eabi/lib/thumb/v7-m/nofp/libc.a(lib_a-__atexit.o)
 .debug_frame   0x0000000000000080       0x50 /usr/lib/gcc/arm-none-eabi/10.3.1/../../../arm-none-eabi/lib/thumb/v7-m/nofp/libc.a(lib_a-__call_atexit.o)

.debug_ranges   0x0000000000000000       0x50
 .debug_ranges  0x0000000000000000       0x50 /usr/lib/gcc/arm-none-eabi/10.3.1/../../../arm-none-eabi/lib/thumb/v7-m/nofp/libc.a(lib_a-__call_atexit.o)

Cross Reference Table

Symbol                                            File
AHBPrescTable                                     ./out/system_stm32f1xx.o
                                                  ./out/stm32f1xx_hal_rcc.o
APBPrescTable                                     ./out/system_stm32f1xx.o
                                                  ./out/stm32f1xx_hal_rcc.o
Arch_Restore_context                              ./out/switch.o
Arch_Save_context                                 ./out/switch.o
Arch_context_switching                            ./out/switch.o
                                                  ./out/task.o
Arch_start                                        ./out/switch.o
                                                  ./out/task.o
BusFault_Handler                                  ./out/stm32f1xx_it.o
DebugMon_Handler                                  ./out/stm32f1xx_it.o
EXTI15_10_IRQHandler                              ./out/stm32f1xx_it.o
Error_Handler                                     ./out/Main.o
                                                  ./out/Uart.o
FLASH_PageErase                                   ./out/stm32f1xx_hal_flash_ex.o
                                                  ./out/stm32f1xx_hal_flash.o
FLASH_WaitForLastOperation                        ./out/stm32f1xx_hal_flash.o
                                                  ./out/stm32f1xx_hal_flash_ex.o
HAL_DBGMCU_DisableDBGSleepMode                    ./out/stm32f1xx_hal.o
HAL_DBGMCU_DisableDBGStandbyMode                  ./out/stm32f1xx_hal.o
HAL_DBGMCU_DisableDBGStopMode                     ./out/stm32f1xx_hal.o
HAL_DBGMCU_EnableDBGSleepMode                     ./out/stm32f1xx_hal.o
HAL_DBGMCU_EnableDBGStandbyMode                   ./out/stm32f1xx_hal.o
HAL_DBGMCU_EnableDBGStopMode                      ./out/stm32f1xx_hal.o
HAL_DMA_Abort                                     ./out/stm32f1xx_hal_dma.o
                                                  ./out/stm32f1xx_hal_uart.o
HAL_DMA_Abort_IT                                  ./out/stm32f1xx_hal_dma.o
                                                  ./out/stm32f1xx_hal_uart.o
HAL_DMA_DeInit                                    ./out/stm32f1xx_hal_dma.o
HAL_DMA_GetError                                  ./out/stm32f1xx_hal_dma.o
                                                  ./out/stm32f1xx_hal_uart.o
HAL_DMA_GetState                                  ./out/stm32f1xx_hal_dma.o
HAL_DMA_IRQHandler                                ./out/stm32f1xx_hal_dma.o
HAL_DMA_Init                                      ./out/stm32f1xx_hal_dma.o
HAL_DMA_PollForTransfer                           ./out/stm32f1xx_hal_dma.o
HAL_DMA_RegisterCallback                          ./out/stm32f1xx_hal_dma.o
HAL_DMA_Start                                     ./out/stm32f1xx_hal_dma.o
HAL_DMA_Start_IT                                  ./out/stm32f1xx_hal_dma.o
                                                  ./out/stm32f1xx_hal_uart.o
HAL_DMA_UnRegisterCallback                        ./out/stm32f1xx_hal_dma.o
HAL_DeInit                                        ./out/stm32f1xx_hal.o
HAL_Delay                                         ./out/stm32f1xx_hal.o
HAL_EXTI_ClearConfigLine                          ./out/stm32f1xx_hal_exti.o
HAL_EXTI_ClearPending                             ./out/stm32f1xx_hal_exti.o
HAL_EXTI_GenerateSWI                              ./out/stm32f1xx_hal_exti.o
HAL_EXTI_GetConfigLine                            ./out/stm32f1xx_hal_exti.o
HAL_EXTI_GetHandle                                ./out/stm32f1xx_hal_exti.o
HAL_EXTI_GetPending                               ./out/stm32f1xx_hal_exti.o
HAL_EXTI_IRQHandler                               ./out/stm32f1xx_hal_exti.o
HAL_EXTI_RegisterCallback                         ./out/stm32f1xx_hal_exti.o
HAL_EXTI_SetConfigLine                            ./out/stm32f1xx_hal_exti.o
HAL_FLASHEx_Erase                                 ./out/stm32f1xx_hal_flash_ex.o
HAL_FLASHEx_Erase_IT                              ./out/stm32f1xx_hal_flash_ex.o
HAL_FLASHEx_OBErase                               ./out/stm32f1xx_hal_flash_ex.o
HAL_FLASHEx_OBGetConfig                           ./out/stm32f1xx_hal_flash_ex.o
HAL_FLASHEx_OBGetUserData                         ./out/stm32f1xx_hal_flash_ex.o
HAL_FLASHEx_OBProgram                             ./out/stm32f1xx_hal_flash_ex.o
HAL_FLASH_EndOfOperationCallback                  ./out/stm32f1xx_hal_flash.o
HAL_FLASH_GetError                                ./out/stm32f1xx_hal_flash.o
HAL_FLASH_IRQHandler                              ./out/stm32f1xx_hal_flash.o
HAL_FLASH_Lock                                    ./out/stm32f1xx_hal_flash.o
HAL_FLASH_OB_Launch                               ./out/stm32f1xx_hal_flash.o
HAL_FLASH_OB_Lock                                 ./out/stm32f1xx_hal_flash.o
HAL_FLASH_OB_Unlock                               ./out/stm32f1xx_hal_flash.o
HAL_FLASH_OperationErrorCallback                  ./out/stm32f1xx_hal_flash.o
HAL_FLASH_Program                                 ./out/stm32f1xx_hal_flash.o
HAL_FLASH_Program_IT                              ./out/stm32f1xx_hal_flash.o
HAL_FLASH_Unlock                                  ./out/stm32f1xx_hal_flash.o
HAL_GPIOEx_ConfigEventout                         ./out/stm32f1xx_hal_gpio_ex.o
HAL_GPIOEx_DisableEventout                        ./out/stm32f1xx_hal_gpio_ex.o
HAL_GPIOEx_EnableEventout                         ./out/stm32f1xx_hal_gpio_ex.o
HAL_GPIO_DeInit                                   ./out/stm32f1xx_hal_gpio.o
                                                  ./out/stm32f1xx_hal_msp.o
HAL_GPIO_EXTI_Callback                            ./out/stm32f1xx_hal_gpio.o
HAL_GPIO_EXTI_IRQHandler                          ./out/stm32f1xx_hal_gpio.o
                                                  ./out/stm32f1xx_it.o
HAL_GPIO_Init                                     ./out/stm32f1xx_hal_gpio.o
                                                  ./out/stm32f1xx_hal_rcc.o
                                                  ./out/stm32f1xx_hal_msp.o
HAL_GPIO_LockPin                                  ./out/stm32f1xx_hal_gpio.o
HAL_GPIO_ReadPin                                  ./out/stm32f1xx_hal_gpio.o
HAL_GPIO_TogglePin                                ./out/stm32f1xx_hal_gpio.o
HAL_GPIO_WritePin                                 ./out/stm32f1xx_hal_gpio.o
HAL_GetDEVID                                      ./out/stm32f1xx_hal.o
HAL_GetHalVersion                                 ./out/stm32f1xx_hal.o
HAL_GetREVID                                      ./out/stm32f1xx_hal.o
HAL_GetTick                                       ./out/stm32f1xx_hal.o
                                                  ./out/stm32f1xx_hal_uart.o
                                                  ./out/stm32f1xx_hal_rcc_ex.o
                                                  ./out/stm32f1xx_hal_rcc.o
                                                  ./out/stm32f1xx_hal_flash.o
                                                  ./out/stm32f1xx_hal_dma.o
HAL_GetTickFreq                                   ./out/stm32f1xx_hal.o
HAL_GetTickPrio                                   ./out/stm32f1xx_hal.o
HAL_GetUIDw0                                      ./out/stm32f1xx_hal.o
HAL_GetUIDw1                                      ./out/stm32f1xx_hal.o
HAL_GetUIDw2                                      ./out/stm32f1xx_hal.o
HAL_HalfDuplex_EnableReceiver                     ./out/stm32f1xx_hal_uart.o
HAL_HalfDuplex_EnableTransmitter                  ./out/stm32f1xx_hal_uart.o
HAL_HalfDuplex_Init                               ./out/stm32f1xx_hal_uart.o
HAL_IncTick                                       ./out/stm32f1xx_hal.o
                                                  ./out/stm32f1xx_it.o
HAL_Init                                          ./out/stm32f1xx_hal.o
                                                  ./out/Main.o
HAL_InitTick                                      ./out/stm32f1xx_hal.o
                                                  ./out/stm32f1xx_hal_rcc.o
HAL_LIN_Init                                      ./out/stm32f1xx_hal_uart.o
HAL_LIN_SendBreak                                 ./out/stm32f1xx_hal_uart.o
HAL_MspDeInit                                     ./out/stm32f1xx_hal.o
HAL_MspInit                                       ./out/stm32f1xx_hal_msp.o
                                                  ./out/stm32f1xx_hal.o
HAL_MultiProcessor_EnterMuteMode                  ./out/stm32f1xx_hal_uart.o
HAL_MultiProcessor_ExitMuteMode                   ./out/stm32f1xx_hal_uart.o
HAL_MultiProcessor_Init                           ./out/stm32f1xx_hal_uart.o
HAL_NVIC_ClearPendingIRQ                          ./out/stm32f1xx_hal_cortex.o
HAL_NVIC_DisableIRQ                               ./out/stm32f1xx_hal_cortex.o
HAL_NVIC_EnableIRQ                                ./out/stm32f1xx_hal_cortex.o
HAL_NVIC_GetActive                                ./out/stm32f1xx_hal_cortex.o
HAL_NVIC_GetPendingIRQ                            ./out/stm32f1xx_hal_cortex.o
HAL_NVIC_GetPriority                              ./out/stm32f1xx_hal_cortex.o
HAL_NVIC_GetPriorityGrouping                      ./out/stm32f1xx_hal_cortex.o
HAL_NVIC_SetPendingIRQ                            ./out/stm32f1xx_hal_cortex.o
HAL_NVIC_SetPriority                              ./out/stm32f1xx_hal_cortex.o
                                                  ./out/stm32f1xx_hal.o
HAL_NVIC_SetPriorityGrouping                      ./out/stm32f1xx_hal_cortex.o
                                                  ./out/stm32f1xx_hal.o
HAL_NVIC_SystemReset                              ./out/stm32f1xx_hal_cortex.o
                                                  ./out/stm32f1xx_hal_flash.o
HAL_PWR_ConfigPVD                                 ./out/stm32f1xx_hal_pwr.o
HAL_PWR_DeInit                                    ./out/stm32f1xx_hal_pwr.o
HAL_PWR_DisableBkUpAccess                         ./out/stm32f1xx_hal_pwr.o
HAL_PWR_DisablePVD                                ./out/stm32f1xx_hal_pwr.o
HAL_PWR_DisableSEVOnPend                          ./out/stm32f1xx_hal_pwr.o
HAL_PWR_DisableSleepOnExit                        ./out/stm32f1xx_hal_pwr.o
HAL_PWR_DisableWakeUpPin                          ./out/stm32f1xx_hal_pwr.o
HAL_PWR_EnableBkUpAccess                          ./out/stm32f1xx_hal_pwr.o
HAL_PWR_EnablePVD                                 ./out/stm32f1xx_hal_pwr.o
HAL_PWR_EnableSEVOnPend                           ./out/stm32f1xx_hal_pwr.o
HAL_PWR_EnableSleepOnExit                         ./out/stm32f1xx_hal_pwr.o
HAL_PWR_EnableWakeUpPin                           ./out/stm32f1xx_hal_pwr.o
HAL_PWR_EnterSLEEPMode                            ./out/stm32f1xx_hal_pwr.o
HAL_PWR_EnterSTANDBYMode                          ./out/stm32f1xx_hal_pwr.o
HAL_PWR_EnterSTOPMode                             ./out/stm32f1xx_hal_pwr.o
HAL_PWR_PVDCallback                               ./out/stm32f1xx_hal_pwr.o
HAL_PWR_PVD_IRQHandler                            ./out/stm32f1xx_hal_pwr.o
HAL_RCCEx_GetPeriphCLKConfig                      ./out/stm32f1xx_hal_rcc_ex.o
HAL_RCCEx_GetPeriphCLKFreq                        ./out/stm32f1xx_hal_rcc_ex.o
HAL_RCCEx_PeriphCLKConfig                         ./out/stm32f1xx_hal_rcc_ex.o
HAL_RCC_CSSCallback                               ./out/stm32f1xx_hal_rcc.o
HAL_RCC_ClockConfig                               ./out/stm32f1xx_hal_rcc.o
                                                  ./out/Main.o
HAL_RCC_DeInit                                    ./out/stm32f1xx_hal_rcc.o
HAL_RCC_DisableCSS                                ./out/stm32f1xx_hal_rcc.o
HAL_RCC_EnableCSS                                 ./out/stm32f1xx_hal_rcc.o
HAL_RCC_GetClockConfig                            ./out/stm32f1xx_hal_rcc.o
HAL_RCC_GetHCLKFreq                               ./out/stm32f1xx_hal_rcc.o
HAL_RCC_GetOscConfig                              ./out/stm32f1xx_hal_rcc.o
HAL_RCC_GetPCLK1Freq                              ./out/stm32f1xx_hal_rcc.o
                                                  ./out/stm32f1xx_hal_uart.o
HAL_RCC_GetPCLK2Freq                              ./out/stm32f1xx_hal_rcc.o
                                                  ./out/stm32f1xx_hal_uart.o
                                                  ./out/stm32f1xx_hal_rcc_ex.o
HAL_RCC_GetSysClockFreq                           ./out/stm32f1xx_hal_rcc.o
HAL_RCC_MCOConfig                                 ./out/stm32f1xx_hal_rcc.o
HAL_RCC_NMI_IRQHandler                            ./out/stm32f1xx_hal_rcc.o
HAL_RCC_OscConfig                                 ./out/stm32f1xx_hal_rcc.o
                                                  ./out/Main.o
HAL_ResumeTick                                    ./out/stm32f1xx_hal.o
HAL_SYSTICK_CLKSourceConfig                       ./out/stm32f1xx_hal_cortex.o
HAL_SYSTICK_Callback                              ./out/stm32f1xx_hal_cortex.o
HAL_SYSTICK_Config                                ./out/stm32f1xx_hal_cortex.o
                                                  ./out/stm32f1xx_hal.o
HAL_SYSTICK_IRQHandler                            ./out/stm32f1xx_hal_cortex.o
HAL_SetTickFreq                                   ./out/stm32f1xx_hal.o
HAL_SuspendTick                                   ./out/stm32f1xx_hal.o
HAL_UARTEx_GetRxEventType                         ./out/stm32f1xx_hal_uart.o
HAL_UARTEx_ReceiveToIdle                          ./out/stm32f1xx_hal_uart.o
HAL_UARTEx_ReceiveToIdle_DMA                      ./out/stm32f1xx_hal_uart.o
HAL_UARTEx_ReceiveToIdle_IT                       ./out/stm32f1xx_hal_uart.o
HAL_UARTEx_RxEventCallback                        ./out/stm32f1xx_hal_uart.o
HAL_UART_Abort                                    ./out/stm32f1xx_hal_uart.o
HAL_UART_AbortCpltCallback                        ./out/stm32f1xx_hal_uart.o
HAL_UART_AbortReceive                             ./out/stm32f1xx_hal_uart.o
HAL_UART_AbortReceiveCpltCallback                 ./out/stm32f1xx_hal_uart.o
HAL_UART_AbortReceive_IT                          ./out/stm32f1xx_hal_uart.o
HAL_UART_AbortTransmit                            ./out/stm32f1xx_hal_uart.o
HAL_UART_AbortTransmitCpltCallback                ./out/stm32f1xx_hal_uart.o
HAL_UART_AbortTransmit_IT                         ./out/stm32f1xx_hal_uart.o
HAL_UART_Abort_IT                                 ./out/stm32f1xx_hal_uart.o
HAL_UART_DMAPause                                 ./out/stm32f1xx_hal_uart.o
HAL_UART_DMAResume                                ./out/stm32f1xx_hal_uart.o
HAL_UART_DMAStop                                  ./out/stm32f1xx_hal_uart.o
HAL_UART_DeInit                                   ./out/stm32f1xx_hal_uart.o
HAL_UART_ErrorCallback                            ./out/stm32f1xx_hal_uart.o
HAL_UART_GetError                                 ./out/stm32f1xx_hal_uart.o
HAL_UART_GetState                                 ./out/stm32f1xx_hal_uart.o
HAL_UART_IRQHandler                               ./out/stm32f1xx_hal_uart.o
HAL_UART_Init                                     ./out/stm32f1xx_hal_uart.o
                                                  ./out/Uart.o
HAL_UART_MspDeInit                                ./out/stm32f1xx_hal_msp.o
HAL_UART_MspInit                                  ./out/stm32f1xx_hal_msp.o
HAL_UART_Receive                                  ./out/stm32f1xx_hal_uart.o
                                                  ./out/Uart.o
HAL_UART_Receive_DMA                              ./out/stm32f1xx_hal_uart.o
HAL_UART_Receive_IT                               ./out/stm32f1xx_hal_uart.o
HAL_UART_RxCpltCallback                           ./out/stm32f1xx_hal_uart.o
HAL_UART_RxHalfCpltCallback                       ./out/stm32f1xx_hal_uart.o
HAL_UART_Transmit                                 ./out/stm32f1xx_hal_uart.o
                                                  ./out/Uart.o
HAL_UART_Transmit_DMA                             ./out/stm32f1xx_hal_uart.o
HAL_UART_Transmit_IT                              ./out/stm32f1xx_hal_uart.o
HAL_UART_TxCpltCallback                           ./out/stm32f1xx_hal_uart.o
HAL_UART_TxHalfCpltCallback                       ./out/stm32f1xx_hal_uart.o
Hal_interrupt_init                                ./out/Interrupt.o
Hal_interrupt_register_handler                    ./out/Interrupt.o
Hal_interrupt_run_handler                         ./out/Interrupt.o
Hal_timer_get_1ms_counter                         ./out/Timer.o
                                                  ./out/stdlib.o
Hal_timer_init                                    ./out/Timer.o
Hal_uart_get_char                                 ./out/Uart.o
Hal_uart_put_char                                 ./out/Uart.o
                                                  ./out/stdio.o
HardFault_Handler                                 ./out/stm32f1xx_it.o
Kernel_event_flag_check                           ./out/event.o
                                                  ./out/Kernel.o
Kernel_event_flag_clear                           ./out/event.o
Kernel_event_flag_init                            ./out/event.o
Kernel_event_flag_set                             ./out/event.o
                                                  ./out/Kernel.o
Kernel_lock_mutex                                 ./out/Kernel.o
Kernel_lock_sem                                   ./out/Kernel.o
Kernel_msgQ_dequeue                               ./out/msg.o
                                                  ./out/Kernel.o
Kernel_msgQ_enqueue                               ./out/msg.o
                                                  ./out/Kernel.o
Kernel_msgQ_init                                  ./out/msg.o
Kernel_msgQ_is_empty                              ./out/msg.o
Kernel_msgQ_is_full                               ./out/msg.o
Kernel_mutex_init                                 ./out/synch.o
Kernel_mutex_lock                                 ./out/synch.o
                                                  ./out/Kernel.o
Kernel_mutex_unlock                               ./out/synch.o
                                                  ./out/Kernel.o
Kernel_recv_msg                                   ./out/Kernel.o
Kernel_sem_init                                   ./out/synch.o
Kernel_sem_release                                ./out/synch.o
                                                  ./out/Kernel.o
Kernel_sem_test                                   ./out/synch.o
                                                  ./out/Kernel.o
Kernel_send_events                                ./out/Kernel.o
Kernel_send_msg                                   ./out/Kernel.o
Kernel_start                                      ./out/Kernel.o
Kernel_task_clear                                 ./out/task.o
Kernel_task_create                                ./out/task.o
Kernel_task_get_current_task_id                   ./out/task.o
                                                  ./out/Kernel.o
Kernel_task_init                                  ./out/task.o
Kernel_task_recover                               ./out/task.o
Kernel_task_scheduler                             ./out/task.o
                                                  ./out/Kernel.o
Kernel_task_start                                 ./out/task.o
                                                  ./out/Kernel.o
Kernel_unlock_mutex                               ./out/Kernel.o
Kernel_unlock_sem                                 ./out/Kernel.o
Kernel_wait_events                                ./out/Kernel.o
Kernel_yield                                      ./out/Kernel.o
MemManage_Handler                                 ./out/stm32f1xx_it.o
NMI_Handler                                       ./out/stm32f1xx_it.o
PendSV_Handler                                    ./out/stm32f1xx_it.o
SVC_Handler                                       ./out/stm32f1xx_it.o
SysTick_Handler                                   ./out/stm32f1xx_it.o
SystemClock_Config                                ./out/Main.o
SystemCoreClock                                   ./out/system_stm32f1xx.o
                                                  ./out/stm32f1xx_hal_rcc.o
                                                  ./out/stm32f1xx_hal.o
SystemCoreClockUpdate                             ./out/system_stm32f1xx.o
SystemInit                                        ./out/system_stm32f1xx.o
UART_Start_Receive_DMA                            ./out/stm32f1xx_hal_uart.o
UART_Start_Receive_IT                             ./out/stm32f1xx_hal_uart.o
UsageFault_Handler                                ./out/stm32f1xx_it.o
_ITM_deregisterTMCloneTable                       /usr/lib/gcc/arm-none-eabi/10.3.1/thumb/v7-m/nofp/crtbegin.o
_ITM_registerTMCloneTable                         /usr/lib/gcc/arm-none-eabi/10.3.1/thumb/v7-m/nofp/crtbegin.o
__TMC_END__                                       /usr/lib/gcc/arm-none-eabi/10.3.1/thumb/v7-m/nofp/crtend.o
                                                  /usr/lib/gcc/arm-none-eabi/10.3.1/thumb/v7-m/nofp/crtbegin.o
__bss_end__                                       ./out/task.o
                                                  /usr/lib/gcc/arm-none-eabi/10.3.1/../../../arm-none-eabi/lib/thumb/v7-m/nofp/crt0.o
__bss_start__                                     /usr/lib/gcc/arm-none-eabi/10.3.1/../../../arm-none-eabi/lib/thumb/v7-m/nofp/crt0.o
__call_exitprocs                                  /usr/lib/gcc/arm-none-eabi/10.3.1/../../../arm-none-eabi/lib/thumb/v7-m/nofp/libc.a(lib_a-__call_atexit.o)
                                                  /usr/lib/gcc/arm-none-eabi/10.3.1/../../../arm-none-eabi/lib/thumb/v7-m/nofp/libc.a(lib_a-exit.o)
__deregister_frame_info                           /usr/lib/gcc/arm-none-eabi/10.3.1/thumb/v7-m/nofp/crtbegin.o
__dso_handle                                      /usr/lib/gcc/arm-none-eabi/10.3.1/thumb/v7-m/nofp/crtbegin.o
__fini_array_end                                  /usr/lib/gcc/arm-none-eabi/10.3.1/../../../arm-none-eabi/lib/thumb/v7-m/nofp/libc.a(lib_a-fini.o)
__fini_array_start                                /usr/lib/gcc/arm-none-eabi/10.3.1/../../../arm-none-eabi/lib/thumb/v7-m/nofp/libc.a(lib_a-fini.o)
__init_array_end                                  /usr/lib/gcc/arm-none-eabi/10.3.1/../../../arm-none-eabi/lib/thumb/v7-m/nofp/libc.a(lib_a-init.o)
__init_array_start                                /usr/lib/gcc/arm-none-eabi/10.3.1/../../../arm-none-eabi/lib/thumb/v7-m/nofp/libc.a(lib_a-init.o)
__libc_fini                                       /usr/lib/gcc/arm-none-eabi/10.3.1/../../../arm-none-eabi/lib/thumb/v7-m/nofp/libc.a(lib_a-__call_atexit.o)
__libc_fini_array                                 /usr/lib/gcc/arm-none-eabi/10.3.1/../../../arm-none-eabi/lib/thumb/v7-m/nofp/libc.a(lib_a-fini.o)
                                                  /usr/lib/gcc/arm-none-eabi/10.3.1/../../../arm-none-eabi/lib/thumb/v7-m/nofp/libc.a(lib_a-__call_atexit.o)
                                                  /usr/lib/gcc/arm-none-eabi/10.3.1/../../../arm-none-eabi/lib/thumb/v7-m/nofp/crt0.o
__libc_init_array                                 /usr/lib/gcc/arm-none-eabi/10.3.1/../../../arm-none-eabi/lib/thumb/v7-m/nofp/libc.a(lib_a-init.o)
                                                  /usr/lib/gcc/arm-none-eabi/10.3.1/../../../arm-none-eabi/lib/thumb/v7-m/nofp/crt0.o
__preinit_array_end                               /usr/lib/gcc/arm-none-eabi/10.3.1/../../../arm-none-eabi/lib/thumb/v7-m/nofp/libc.a(lib_a-init.o)
__preinit_array_start                             /usr/lib/gcc/arm-none-eabi/10.3.1/../../../arm-none-eabi/lib/thumb/v7-m/nofp/libc.a(lib_a-init.o)
__register_exitproc                               /usr/lib/gcc/arm-none-eabi/10.3.1/../../../arm-none-eabi/lib/thumb/v7-m/nofp/libc.a(lib_a-__atexit.o)
                                                  /usr/lib/gcc/arm-none-eabi/10.3.1/../../../arm-none-eabi/lib/thumb/v7-m/nofp/libc.a(lib_a-atexit.o)
__register_frame_info                             /usr/lib/gcc/arm-none-eabi/10.3.1/thumb/v7-m/nofp/crtbegin.o
__stack                                           /usr/lib/gcc/arm-none-eabi/10.3.1/../../../arm-none-eabi/lib/thumb/v7-m/nofp/crt0.o
_exit                                             /usr/lib/gcc/arm-none-eabi/10.3.1/../../../arm-none-eabi/lib/thumb/v7-m/nofp/libnosys.a(_exit.o)
                                                  /usr/lib/gcc/arm-none-eabi/10.3.1/../../../arm-none-eabi/lib/thumb/v7-m/nofp/libc.a(lib_a-exit.o)
_fini                                             /usr/lib/gcc/arm-none-eabi/10.3.1/thumb/v7-m/nofp/crti.o
                                                  /usr/lib/gcc/arm-none-eabi/10.3.1/../../../arm-none-eabi/lib/thumb/v7-m/nofp/libc.a(lib_a-fini.o)
_global_impure_ptr                                /usr/lib/gcc/arm-none-eabi/10.3.1/../../../arm-none-eabi/lib/thumb/v7-m/nofp/libc.a(lib_a-impure.o)
                                                  /usr/lib/gcc/arm-none-eabi/10.3.1/../../../arm-none-eabi/lib/thumb/v7-m/nofp/libc.a(lib_a-__call_atexit.o)
                                                  /usr/lib/gcc/arm-none-eabi/10.3.1/../../../arm-none-eabi/lib/thumb/v7-m/nofp/libc.a(lib_a-__atexit.o)
                                                  /usr/lib/gcc/arm-none-eabi/10.3.1/../../../arm-none-eabi/lib/thumb/v7-m/nofp/libc.a(lib_a-exit.o)
_impure_ptr                                       /usr/lib/gcc/arm-none-eabi/10.3.1/../../../arm-none-eabi/lib/thumb/v7-m/nofp/libc.a(lib_a-impure.o)
_init                                             /usr/lib/gcc/arm-none-eabi/10.3.1/thumb/v7-m/nofp/crti.o
                                                  /usr/lib/gcc/arm-none-eabi/10.3.1/../../../arm-none-eabi/lib/thumb/v7-m/nofp/libc.a(lib_a-init.o)
_mainCRTStartup                                   /usr/lib/gcc/arm-none-eabi/10.3.1/../../../arm-none-eabi/lib/thumb/v7-m/nofp/crt0.o
_stack_init                                       /usr/lib/gcc/arm-none-eabi/10.3.1/../../../arm-none-eabi/lib/thumb/v7-m/nofp/crt0.o
_start                                            /usr/lib/gcc/arm-none-eabi/10.3.1/../../../arm-none-eabi/lib/thumb/v7-m/nofp/crt0.o
atexit                                            /usr/lib/gcc/arm-none-eabi/10.3.1/../../../arm-none-eabi/lib/thumb/v7-m/nofp/libc.a(lib_a-atexit.o)
                                                  /usr/lib/gcc/arm-none-eabi/10.3.1/../../../arm-none-eabi/lib/thumb/v7-m/nofp/libc.a(lib_a-__call_atexit.o)
                                                  /usr/lib/gcc/arm-none-eabi/10.3.1/../../../arm-none-eabi/lib/thumb/v7-m/nofp/crt0.o
debug_printf                                      ./out/stdio.o
                                                  ./out/Main.o
delay                                             ./out/stdlib.o
disable_irq                                       ./out/armcpu.o
enable_irq                                        ./out/armcpu.o
                                                  ./out/Kernel.o
                                                  ./out/Interrupt.o
exit                                              /usr/lib/gcc/arm-none-eabi/10.3.1/../../../arm-none-eabi/lib/thumb/v7-m/nofp/libc.a(lib_a-exit.o)
                                                  /usr/lib/gcc/arm-none-eabi/10.3.1/../../../arm-none-eabi/lib/thumb/v7-m/nofp/crt0.o
hal_gpio_init                                     ./out/Gpio.o
                                                  ./out/Main.o
hal_uart_init                                     ./out/Uart.o
                                                  ./out/Main.o
hardware_init_hook                                /usr/lib/gcc/arm-none-eabi/10.3.1/../../../arm-none-eabi/lib/thumb/v7-m/nofp/crt0.o
huart2                                            ./out/Uart.o
main                                              ./out/Main.o
                                                  /usr/lib/gcc/arm-none-eabi/10.3.1/../../../arm-none-eabi/lib/thumb/v7-m/nofp/crt0.o
memclr                                            ./out/stdlib.o
                                                  ./out/msg.o
memset                                            /usr/lib/gcc/arm-none-eabi/10.3.1/../../../arm-none-eabi/lib/thumb/v7-m/nofp/libc.a(lib_a-memset.o)
                                                  ./out/stdlib.o
                                                  ./out/stm32f1xx_hal_msp.o
                                                  ./out/Main.o
                                                  /usr/lib/gcc/arm-none-eabi/10.3.1/../../../arm-none-eabi/lib/thumb/v7-m/nofp/crt0.o
pFlash                                            ./out/stm32f1xx_hal_flash.o
                                                  ./out/stm32f1xx_hal_flash_ex.o
putstr                                            ./out/stdio.o
sCurrent_tcb                                      ./out/task.o
                                                  ./out/switch.o
sMsgQ                                             ./out/msg.o
sMutex                                            ./out/synch.o
sNext_tcb                                         ./out/task.o
                                                  ./out/switch.o
software_init_hook                                /usr/lib/gcc/arm-none-eabi/10.3.1/../../../arm-none-eabi/lib/thumb/v7-m/nofp/crt0.o
strcmp                                            ./out/string.o
utoa                                              ./out/stdio.o
uwTick                                            ./out/stm32f1xx_hal.o
uwTickFreq                                        ./out/stm32f1xx_hal.o
uwTickPrio                                        ./out/stm32f1xx_hal.o
                                                  ./out/stm32f1xx_hal_rcc.o
vsprintf                                          ./out/stdio.o
